Error parsing file.
SyntaxError(3,1)[Expected EOF but got LET.]
SyntaxError(3,1)[Could not complete parsing.]
