PROGRAM
  DECLARATION_LIST
    DECLARATION
      ARRAY_DECLARATION
        TYPE

